// Jest Snapshot v1, https://goo.gl/fbAQLP

exports[`get steam game details should return game information 1`] = `"PAYDAY 2"`;
